// Jest Snapshot v1, https://goo.gl/fbAQLP

exports[`should render well. 1`] = `
<div
  className=""
>
  <div>
    <div
      style={
        Object {
          "display": "flex",
          "flex": 1,
          "flexDirection": "column",
          "overflow": "auto",
        }
      }
    />
  </div>
</div>
`;
